// Jest Snapshot v1, https://goo.gl/fbAQLP

exports[`FieldLines should match snapshot and have consistent structure across renders 1`] = `
<div>
  <svg
    class="absolute inset-0 w-full h-full pointer-events-none z-10"
    preserveAspectRatio="none"
    viewBox="0 0 100 100"
  >
    <rect
      fill="none"
      height="96"
      opacity="0.6"
      stroke="white"
      stroke-width="0.5"
      width="96"
      x="2"
      y="2"
    />
    <line
      opacity="0.6"
      stroke="white"
      stroke-width="0.5"
      x1="2"
      x2="98"
      y1="50"
      y2="50"
    />
    <circle
      cx="50"
      cy="50"
      fill="none"
      opacity="0.6"
      r="10"
      stroke="white"
      stroke-width="0.5"
    />
    <circle
      cx="50"
      cy="50"
      fill="white"
      opacity="0.7"
      r="0.6"
    />
    <rect
      fill="none"
      height="16"
      opacity="0.6"
      stroke="white"
      stroke-width="0.5"
      width="60"
      x="20"
      y="2"
    />
    <rect
      fill="none"
      height="6"
      opacity="0.6"
      stroke="white"
      stroke-width="0.5"
      width="30"
      x="35"
      y="2"
    />
    <rect
      fill="none"
      height="16"
      opacity="0.6"
      stroke="white"
      stroke-width="0.5"
      width="60"
      x="20"
      y="82"
    />
    <rect
      fill="none"
      height="6"
      opacity="0.6"
      stroke="white"
      stroke-width="0.5"
      width="30"
      x="35"
      y="92"
    />
    <circle
      cx="50"
      cy="13"
      fill="white"
      opacity="0.7"
      r="0.6"
    />
    <circle
      cx="50"
      cy="87"
      fill="white"
      opacity="0.7"
      r="0.6"
    />
    <path
      d="M 40 18 A 10 10 0 0 0 60 18"
      fill="none"
      opacity="0.6"
      stroke="white"
      stroke-width="0.5"
    />
    <path
      d="M 40 82 A 10 10 0 0 1 60 82"
      fill="none"
      opacity="0.6"
      stroke="white"
      stroke-width="0.5"
    />
    <path
      d="M 2 4 A 2 2 0 0 0 4 2"
      fill="none"
      opacity="0.6"
      stroke="white"
      stroke-width="0.5"
    />
    <path
      d="M 96 2 A 2 2 0 0 0 98 4"
      fill="none"
      opacity="0.6"
      stroke="white"
      stroke-width="0.5"
    />
    <path
      d="M 98 96 A 2 2 0 0 0 96 98"
      fill="none"
      opacity="0.6"
      stroke="white"
      stroke-width="0.5"
    />
    <path
      d="M 4 98 A 2 2 0 0 0 2 96"
      fill="none"
      opacity="0.6"
      stroke="white"
      stroke-width="0.5"
    />
  </svg>
</div>
`;
